---
source: engram-core/tests/spreading_validation.rs
expression: "FixtureSnapshot { metadata: metadata.clone(), snapshot: normalized, }"
---
metadata:
  name: binary_tree
  description: Balanced binary tree fixture for tier coverage
  seeds:
    - - TreeRoot
      - 1
  node_count: 15
  edge_count: 14
  average_out_degree: 0.93333334
  adjacency:
    TreeRoot:
      - target: TreeRoot_left_1
        weight: 0.8
        edge_type: Excitatory
      - target: TreeRoot_right_1
        weight: 0.8
        edge_type: Excitatory
    TreeRoot_left_1:
      - target: TreeRoot_left_1_left_2
        weight: 0.8
        edge_type: Excitatory
      - target: TreeRoot_left_1_right_2
        weight: 0.8
        edge_type: Excitatory
    TreeRoot_left_1_left_2:
      - target: TreeRoot_left_1_left_2_left_3
        weight: 0.8
        edge_type: Excitatory
      - target: TreeRoot_left_1_left_2_right_3
        weight: 0.8
        edge_type: Excitatory
    TreeRoot_left_1_left_2_left_3: []
    TreeRoot_left_1_left_2_right_3: []
    TreeRoot_left_1_right_2:
      - target: TreeRoot_left_1_right_2_left_3
        weight: 0.8
        edge_type: Excitatory
      - target: TreeRoot_left_1_right_2_right_3
        weight: 0.8
        edge_type: Excitatory
    TreeRoot_left_1_right_2_left_3: []
    TreeRoot_left_1_right_2_right_3: []
    TreeRoot_right_1:
      - target: TreeRoot_right_1_left_2
        weight: 0.8
        edge_type: Excitatory
      - target: TreeRoot_right_1_right_2
        weight: 0.8
        edge_type: Excitatory
    TreeRoot_right_1_left_2:
      - target: TreeRoot_right_1_left_2_left_3
        weight: 0.8
        edge_type: Excitatory
      - target: TreeRoot_right_1_left_2_right_3
        weight: 0.8
        edge_type: Excitatory
    TreeRoot_right_1_left_2_left_3: []
    TreeRoot_right_1_left_2_right_3: []
    TreeRoot_right_1_right_2:
      - target: TreeRoot_right_1_right_2_left_3
        weight: 0.8
        edge_type: Excitatory
      - target: TreeRoot_right_1_right_2_right_3
        weight: 0.8
        edge_type: Excitatory
    TreeRoot_right_1_right_2_left_3: []
    TreeRoot_right_1_right_2_right_3: []
snapshot:
  seeds:
    - - TreeRoot
      - 1
  activations:
    - memory_id: TreeRoot
      activation: 1
      confidence: 1
      hop_count: 0
      storage_tier: Hot
      flags: 0b00000000
    - memory_id: TreeRoot_left_1
      activation: 0.397
      confidence: 0.377
      hop_count: 1
      storage_tier: Warm
      flags: 0b00000000
    - memory_id: TreeRoot_left_1_left_2
      activation: 0.078
      confidence: 0.074
      hop_count: 1
      storage_tier: Warm
      flags: 0b00000000
    - memory_id: TreeRoot_left_1_left_2_left_3
      activation: 0
      confidence: 0
      hop_count: 0
      storage_tier: Cold
      flags: 0b00000000
    - memory_id: TreeRoot_left_1_left_2_right_3
      activation: 0
      confidence: 0
      hop_count: 0
      storage_tier: Cold
      flags: 0b00000000
    - memory_id: TreeRoot_left_1_right_2
      activation: 0.078
      confidence: 0.074
      hop_count: 1
      storage_tier: Warm
      flags: 0b00000000
    - memory_id: TreeRoot_left_1_right_2_left_3
      activation: 0
      confidence: 0
      hop_count: 0
      storage_tier: Cold
      flags: 0b00000000
    - memory_id: TreeRoot_left_1_right_2_right_3
      activation: 0
      confidence: 0
      hop_count: 0
      storage_tier: Cold
      flags: 0b00000000
    - memory_id: TreeRoot_right_1
      activation: 0.397
      confidence: 0.377
      hop_count: 1
      storage_tier: Warm
      flags: 0b00000000
    - memory_id: TreeRoot_right_1_left_2
      activation: 0.078
      confidence: 0.074
      hop_count: 1
      storage_tier: Warm
      flags: 0b00000000
    - memory_id: TreeRoot_right_1_left_2_left_3
      activation: 0
      confidence: 0
      hop_count: 0
      storage_tier: Cold
      flags: 0b00000000
    - memory_id: TreeRoot_right_1_left_2_right_3
      activation: 0
      confidence: 0
      hop_count: 0
      storage_tier: Cold
      flags: 0b00000000
    - memory_id: TreeRoot_right_1_right_2
      activation: 0.078
      confidence: 0.074
      hop_count: 1
      storage_tier: Warm
      flags: 0b00000000
    - memory_id: TreeRoot_right_1_right_2_left_3
      activation: 0
      confidence: 0
      hop_count: 0
      storage_tier: Cold
      flags: 0b00000000
    - memory_id: TreeRoot_right_1_right_2_right_3
      activation: 0
      confidence: 0
      hop_count: 0
      storage_tier: Cold
      flags: 0b00000000
  tier_summaries:
    - - Cold
      - node_count: 8
        total_activation: 0
        average_confidence: 0
    - - Hot
      - node_count: 1
        total_activation: 1
        average_confidence: 1
    - - Warm
      - node_count: 6
        total_activation: 1.108
        average_confidence: 0.175
  cycle_paths: []
  deterministic_trace:
    - depth: 1
      target_node: TreeRoot_left_1
      activation: 0.397
      confidence: 0.397
      source_node: TreeRoot
    - depth: 1
      target_node: TreeRoot_right_1
      activation: 0.397
      confidence: 0.397
      source_node: TreeRoot
    - depth: 2
      target_node: TreeRoot_left_1_left_2
      activation: 0.078
      confidence: 0.078
      source_node: TreeRoot_left_1
    - depth: 2
      target_node: TreeRoot_left_1_right_2
      activation: 0.078
      confidence: 0.078
      source_node: TreeRoot_left_1
    - depth: 2
      target_node: TreeRoot_right_1_left_2
      activation: 0.078
      confidence: 0.078
      source_node: TreeRoot_right_1
    - depth: 2
      target_node: TreeRoot_right_1_right_2
      activation: 0.078
      confidence: 0.078
      source_node: TreeRoot_right_1
  metrics:
    total_activations: 6
    cache_hits: 0
    cache_misses: 0
    average_latency_ns: 0
    latency_budget_violations: 0
    cycles_detected: 0
    parallel_efficiency: 0
    pool_available: 10000
    pool_in_flight: 0
    pool_high_water_mark: 10000
